../Core/Src/main.c:463:13:PWM_SetSafe	0	static
../Core/Src/main.c:479:13:SetPwm	0	static
../Core/Src/main.c:344:13:ESP_Send	16	static
../Core/Src/main.c:351:12:ESP_WaitFor	96	static
../Core/Src/main.c:329:5:_write	8	static
../Core/Src/main.c:384:6:ESP_Init	24	static
../Core/Src/main.c:1097:6:SystemClock_Config	88	static,ignoring_inline_asm
../Core/Src/main.c:835:5:main	184	static,ignoring_inline_asm
../Core/Src/main.c:1121:6:HAL_UART_RxCpltCallback	4	static
../Core/Src/main.c:1130:6:HAL_UART_ErrorCallback	24	static
../Core/Src/main.c:1145:6:Error_Handler	0	static,ignoring_inline_asm
